2024-12-11T12:25:44.608Z [RTM] [32minfo[39m: Skipping network creation. Observe that all external IO operations will yield a runtime error.
>>> Main thread finished with value: ("DONE"@{secret}%{secret}, "d18af826-24ed-4c74-868a-16237330b382"@{secret}%{secret}, b570063e-9b88-42bf-b1af-9cf1801ec144@{secret}%{secret}, 0@{secret}%{secret})@{secret}%{secret}
