2024-12-11T16:27:06.710Z [RTM] [32minfo[39m: Skipping network creation. Observe that all external IO operations will yield a runtime error.
