2024-12-11T16:27:06.939Z [RTM] [32minfo[39m: Skipping network creation. Observe that all external IO operations will yield a runtime error.
Runtime error in thread 61d5a783-75a3-44e3-bbd3-12775ce921aa@{}%{}
>> value 1 is not a string
