2024-12-11T16:27:06.562Z [RTM] [32minfo[39m: Skipping network creation. Observe that all external IO operations will yield a runtime error.
Runtime error in thread 6b48284b-dcaf-48ea-a7f3-51a6480613de@{}%{}
>> value 42@{}%{} is not a level
