2024-12-11T16:27:06.943Z [RTM] [32minfo[39m: Skipping network creation. Observe that all external IO operations will yield a runtime error.
Runtime error in thread 3ad8466d-173a-4ab5-8753-542a8fecfcf7@{}%{}
>> value 1@{}%{} is not a process id
