2024-06-09T16:28:52.670Z [RTM] [32minfo[39m: Skipping network creation. Observe that all external IO operations will yield a runtime error.
>>> Main thread finished with value: true@{}%{}
